// Jest Snapshot v1, https://goo.gl/fbAQLP

exports[`Testing FormDialog Component Matching FormDialog's snapshot 1`] = `
<div>
  <ForwardRef(Button)
    onClick={[Function]}
    title="Update"
    variant="text"
  >
    <BsPencilFill
      color="green"
      size="18px"
    />
  </ForwardRef(Button)>
  <ForwardRef(Dialog)
    onClose={[Function]}
    open={false}
  >
    <form
      className="Dialog-container"
    >
      <ForwardRef(DialogTitle)
        color="#ef257a"
      >
        Update Product
      </ForwardRef(DialogTitle)>
      <ForwardRef(DialogContent)>
        <div
          className="text-field"
        >
          <ForwardRef(TextField)
            autoFocus={true}
            className="textfield"
            id="name"
            label="Company"
            margin="dense"
            name="company"
            onChange={[Function]}
            required={true}
            size="small"
            type="text"
            value="Bajaj"
            variant="outlined"
          />
          <ForwardRef(TextField)
            autoFocus={true}
            className="textfield"
            id="name"
            label="Name"
            margin="dense"
            name="name"
            onChange={[Function]}
            required={true}
            size="small"
            type="text"
            value="Fan"
            variant="outlined"
          />
          <div
            className="eye-container"
          >
            <ForwardRef(TextField)
              InputProps={
                Object {
                  "style": Object {
                    "paddingRight": "14px",
                  },
                }
              }
              autoFocus={true}
              className="textfield"
              id="image"
              label="Image"
              margin="dense"
              name="image"
              onChange={[Function]}
              required={true}
              size="small"
              type="text"
              variant="outlined"
            />
            <a
              className="eye-field"
              target="_blank"
              title="Preview"
            >
              <AiFillEye
                color="black"
                size="20px"
              />
            </a>
          </div>
          <select
            className="select-field"
            name="type"
            onChange={[Function]}
            value="Electronics"
          >
            <option
              value="Select"
            >
              Select
            </option>
            <option
              value="Grocery"
            >
              Grocery
            </option>
            <option
              value="Cloths"
            >
              Cloths
            </option>
            <option
              value="Electronics"
            >
              Electronics
            </option>
          </select>
        </div>
      </ForwardRef(DialogContent)>
      <ForwardRef(DialogActions)>
        <ForwardRef(Button)
          color="error"
          onClick={[Function]}
        >
          Cancel
        </ForwardRef(Button)>
        <button
          className="disabled-button"
          title="Please fill/change the fields"
        >
          Update
        </button>
      </ForwardRef(DialogActions)>
    </form>
  </ForwardRef(Dialog)>
</div>
`;
