// Jest Snapshot v1, https://goo.gl/fbAQLP

exports[`Testing ResNavbar Component Matching ResNavbar's snapshot 1`] = `
<div>
  <ForwardRef(IconButton)
    aria-label="logo"
    color="inherit"
    edge="start"
    onClick={[Function]}
    size="large"
  >
    <AiOutlineMenu
      className="menu-icon"
      color="white"
    />
  </ForwardRef(IconButton)>
  <ForwardRef(Drawer)
    anchor="left"
    onClose={[Function]}
    open={false}
  >
    <ForwardRef(Box)
      p={2}
      role="presentation"
      textAlign="center"
      width="250px"
    >
      <ForwardRef(Typography)
        component="div"
        variant="h5"
      >
        Menu
      </ForwardRef(Typography)>
      <div
        className="menu-items"
      >
        <div>
          <a
            className="box"
            onClick={[Function]}
          >
            Home
          </a>
        </div>
        <div>
          <a
            className="box"
            onClick={[Function]}
          >
            Cloths
          </a>
        </div>
        <div>
          <a
            className="box"
            onClick={[Function]}
          >
            Electronics
          </a>
        </div>
        <div>
          <a
            className="box"
            onClick={[Function]}
          >
            Grocery
          </a>
          <a
            className="box-search"
          >
            <i>
              <GoSearch
                color="#ef257a"
              />
            </i>
            <input
              className="search-input"
              onChange={[Function]}
              placeholder=" Search..."
              type="text"
            />
          </a>
        </div>
      </div>
    </ForwardRef(Box)>
  </ForwardRef(Drawer)>
</div>
`;
