// Jest Snapshot v1, https://goo.gl/fbAQLP

exports[`Testing Itempage matches snapshot 1`] = `
<div>
  <Connect(Navbar) />
  <div
    className="content-container"
  >
    <div
      className="itemcontainer"
    >
      <Connect(Card)
        company="Bajaj"
        id="100"
        key="100"
        name="Fan"
        type="Electronics"
      />
    </div>
    <div
      className="Add-item"
    >
      <FormDialog
        buttonmessage="Add"
        company=""
        id=""
        message="Add Product"
        name=""
        type=""
      />
    </div>
  </div>
</div>
`;
